// Jest Snapshot v1, https://goo.gl/fbAQLP

exports[`LandingPage should match the snapshot when isLoggingIn is false 1`] = `
.c6 {
  font-family: 'NeonTubes2';
}

.c7 {
  color: #fffcdd;
  text-shadow: #ffeb00 -2px -1px 5px,#ffeb00 2px 1px 5px, #ffeb00 0px 0px 10px,#ffeb00 0px 0px 15px, #ffeb00 0px 0px 20px,#ffeb00 0px 0px 30px;
}

.c5 {
  position: relative;
  height: 150px;
  width: 150px;
  font-size: 80px;
  margin-bottom: 1rem;
}

.c5 div {
  position: absolute;
  -webkit-transform-origin: center;
  -ms-transform-origin: center;
  transform-origin: center;
}

.c5 div:first-child {
  -webkit-transform: rotate(90deg) translate(-36px,-68px);
  -ms-transform: rotate(90deg) translate(-36px,-68px);
  transform: rotate(90deg) translate(-36px,-68px);
  z-index: 5;
}

.c5 div:nth-child(2) {
  -webkit-transform: rotate(150deg) translate(-103px,-49px);
  -ms-transform: rotate(150deg) translate(-103px,-49px);
  transform: rotate(150deg) translate(-103px,-49px);
  z-index: 4;
}

.c5 div:nth-child(3) {
  -webkit-transform: rotate(30deg) translate(120px,-19px);
  -ms-transform: rotate(30deg) translate(120px,-19px);
  transform: rotate(30deg) translate(120px,-19px);
}

.c5 div:nth-child(4) {
  -webkit-transform: rotate(90deg) translate(70px,-68px);
  -ms-transform: rotate(90deg) translate(70px,-68px);
  transform: rotate(90deg) translate(70px,-68px);
}

.c5 div:nth-child(5) {
  -webkit-transform: rotate(150deg) translate(2px,-49px);
  -ms-transform: rotate(150deg) translate(2px,-49px);
  transform: rotate(150deg) translate(2px,-49px);
}

.c5 div:nth-child(6) {
  -webkit-transform: rotate(30deg) translate(15px,-20px);
  -ms-transform: rotate(30deg) translate(15px,-20px);
  transform: rotate(30deg) translate(15px,-20px);
  z-index: 6;
}

.c5 .saber {
  position: absolute;
  height: 100%;
  width: 3px;
  top: 0%;
  border-radius: 3px;
}

.c5 .saber.neon-red {
  left: 49%;
  -webkit-transform: rotate(30deg);
  -ms-transform: rotate(30deg);
  transform: rotate(30deg);
  background-color: #fff0f0;
  box-shadow: 0px 0px 8px 2px #ff8d9e, 0px 0px 12px 6px #ff0025;
}

.c5 .saber.neon-blue {
  right: 49%;
  -webkit-transform: rotate(-30deg);
  -ms-transform: rotate(-30deg);
  transform: rotate(-30deg);
  background-color: #edf5ff;
  box-shadow: 0px 0px 8px 2px #ff8d9e, 0px 0px 12px 6px #ff0025;
}

.c2 {
  color: #fff0f0;
  -webkit-transition: color 0.6s ease-out,text-shadow 0.6s ease-out;
  -moz-transition: color 0.6s ease-out,text-shadow 0.6s ease-out;
  -o-transition: color 0.6s ease-out,text-shadow 0.6s ease-out;
  -webkit-transition: color 0.6s ease-out,text-shadow 0.6s ease-out;
  transition: color 0.6s ease-out,text-shadow 0.6s ease-out;
  text-shadow: #ff0025 -2px -1px 5px,#ff0025 2px 1px 5px, #ff0025 0px 0px 10px,#ff0025 0px 0px 15px,#ff0025 0px 0px 20px, #ff0025 0px 0px 30px;
  font-family: 'NeonTubes2';
  font-weight: 300;
  margin: 0;
}

.c3 {
  color: #edf5ff;
  -webkit-transition: color 0.6s ease-out,text-shadow 0.6s ease-out;
  -moz-transition: color 0.6s ease-out,text-shadow 0.6s ease-out;
  -o-transition: color 0.6s ease-out,text-shadow 0.6s ease-out;
  -webkit-transition: color 0.6s ease-out,text-shadow 0.6s ease-out;
  transition: color 0.6s ease-out,text-shadow 0.6s ease-out;
  text-shadow: #0000FF -2px -1px 5px,#0000FF 2px 1px 5px, #0000FF 0px 0px 10px,#0000FF 0px 0px 15px,#0000FF 0px 0px 20px, #0000FF 0px 0px 30px;
  font-family: 'NeonTubes2';
  font-weight: 300;
  margin: 0;
}

.c8 {
  color: #ffeb00;
  font-family: 'NeonTubes2';
  font-weight: 300;
  margin: 0;
}

.c4 {
  display: -webkit-box;
  display: -webkit-flex;
  display: -ms-flexbox;
  display: flex;
  -webkit-flex-direction: column;
  -ms-flex-direction: column;
  flex-direction: column;
  -webkit-align-items: center;
  -webkit-box-align: center;
  -ms-flex-align: center;
  align-items: center;
  -webkit-box-pack: justify;
  -webkit-justify-content: space-between;
  -ms-flex-pack: justify;
  justify-content: space-between;
  text-align: center;
  -webkit-flex-wrap: none;
  -ms-flex-wrap: none;
  flex-wrap: none;
  width: 100%;
  font-size: 1.5rem;
}

.c0 {
  display: -webkit-box;
  display: -webkit-flex;
  display: -ms-flexbox;
  display: flex;
  -webkit-flex-direction: column;
  -ms-flex-direction: column;
  flex-direction: column;
  -webkit-align-items: center;
  -webkit-box-align: center;
  -ms-flex-align: center;
  align-items: center;
  width: 100vw;
  height: 100vh;
  font-family: 'NeonTubes2';
}

.c1 {
  text-align: center;
}

@media (min-width:768px) {
  .c4 {
    -webkit-flex-direction: row;
    -ms-flex-direction: row;
    flex-direction: row;
  }
}

@media (min-width:1024px) {
  .c4 {
    width: 90%;
  }
}

@media (min-width:1680px) {
  .c4 {
    display: -webkit-box;
    display: -webkit-flex;
    display: -ms-flexbox;
    display: flex;
    -webkit-box-pack: center;
    -webkit-justify-content: center;
    -ms-flex-pack: center;
    justify-content: center;
    width: 100%;
  }
}

@media (max-width:575px) {
  .c0 {
    font-size: 4rem;
  }
}

@media (max-width:575px) {
  .c1 {
    margin-top: 3%;
    font-size: 3rem;
  }
}

@media (min-width:576px) {
  .c1 {
    margin-top: 12%;
    margin-bottom: 20px;
    font-size: 8rem;
  }
}

@media (min-width:768px) {
  .c1 {
    margin-bottom: 20px;
    font-size: 10rem;
  }
}

@media (min-width:1024px) {
  .c1 {
    margin-bottom: 1.25rem;
    font-size: 12rem;
  }
}

<div
  class="c0"
  data-testid="landing-page"
>
  <div
    class="c1"
  >
    <span
      class="c2"
    >
      Bee
    </span>
    <span
      class="c3"
    >
      Saber
    </span>
  </div>
  <div
    class="c4"
  >
    <div
      class="c5"
    >
      <div
        class="c6"
      >
        <span
          class="c7"
        >
          I
        </span>
      </div>
      <div
        class="c6"
      >
        <span
          class="c7"
        >
          I
        </span>
      </div>
      <div
        class="c6"
      >
        <span
          class="c7"
        >
          I
        </span>
      </div>
      <div
        class="c6"
      >
        <span
          class="c7"
        >
          I
        </span>
      </div>
      <div
        class="c6"
      >
        <span
          class="c7"
        >
          I
        </span>
      </div>
      <div
        class="c6"
      >
        <span
          class="c7"
        >
          I
        </span>
      </div>
    </div>
    <h2
      class="c8"
    >
      Please login with your Google-Account:
    </h2>
  </div>
</div>
`;
