// Jest Snapshot v1, https://goo.gl/fbAQLP

exports[`Header should match snapshot, when is component is fetching=false 1`] = `
.c0 {
  display: -webkit-box;
  display: -webkit-flex;
  display: -ms-flexbox;
  display: flex;
  -webkit-align-items: center;
  -webkit-box-align: center;
  -ms-flex-align: center;
  align-items: center;
  padding-right: 2rem;
}

<div
  class="c0"
/>
`;

exports[`Header should match snapshot, when is component is fetching=true 1`] = `
.c1 .ldio-do9usc7wgsf div {
  position: absolute;
  border-width: 0.3125rem;
  border-style: solid;
  opacity: 1;
  border-radius: 50%;
  -webkit-animation: ldio-do9usc7wgsf 1s cubic-bezier(0,0.2,0.8,1) infinite;
  animation: ldio-do9usc7wgsf 1s cubic-bezier(0,0.2,0.8,1) infinite;
}

.c1 .ldio-do9usc7wgsf div:nth-child(1) {
  border-color: #ffeb00;
  -webkit-animation-delay: 0s;
  animation-delay: 0s;
}

.c1 .ldio-do9usc7wgsf div:nth-child(2) {
  border-color: #0000FF;
  -webkit-animation-delay: -0.5s;
  animation-delay: -0.5s;
}

.c1 .loadingio-spinner-ripple-rt8n616prbh {
  width: 3.8125rem;
  height: 3.8125rem;
  display: inline-block;
  overflow: hidden;
  background: transparent;
}

.c1 .ldio-do9usc7wgsf {
  width: 100%;
  height: 100%;
  position: relative;
  -webkit-transform: translateZ(0) scale(0.61);
  -ms-transform: translateZ(0) scale(0.61);
  transform: translateZ(0) scale(0.61);
  -webkit-backface-visibility: hidden;
  backface-visibility: hidden;
  -webkit-transform-origin: 0 0;
  -ms-transform-origin: 0 0;
  transform-origin: 0 0;
}

.c1 .ldio-do9usc7wgsf div {
  box-sizing: content-box;
}

.c0 {
  display: -webkit-box;
  display: -webkit-flex;
  display: -ms-flexbox;
  display: flex;
  -webkit-align-items: center;
  -webkit-box-align: center;
  -ms-flex-align: center;
  align-items: center;
  padding-right: 2rem;
}

<div
  class="c0"
>
  <div
    class="c1"
  >
    <div
      class="loadingio-spinner-ripple-rt8n616prbh"
    >
      <div
        class="ldio-do9usc7wgsf"
      >
        <div />
        <div />
      </div>
    </div>
  </div>
</div>
`;
