// Jest Snapshot v1, https://goo.gl/fbAQLP

exports[`components/common/BeeTag/Tooltip should match snapshot 1`] = `
.c1 {
  margin-right: 1rem;
  max-width: 2rem;
}

.c0 {
  display: -webkit-box;
  display: -webkit-flex;
  display: -ms-flexbox;
  display: flex;
  -webkit-flex-direction: column;
  -ms-flex-direction: column;
  flex-direction: column;
}

<span
  class="c0"
>
  <img
    alt="Avatar of player example Bee"
    class="c1"
    src="https://new.scoresaber.comsomeAvatarString"
  />
  example Bee
  <br />
  <span
    role="img"
    style="display: inline-block; font-size: 1em; line-height: 1em; vertical-align: middle;"
  >
    ðŸ‡ªðŸ‡³
  </span>
  4000
  <br />
</span>
`;
